   Compiling unicode-ident v1.0.13
   Compiling proc-macro2 v1.0.103
   Compiling quote v1.0.42
   Compiling libc v0.2.159
   Compiling cfg-if v1.0.0
   Compiling serde_core v1.0.228
   Compiling serde v1.0.228
   Compiling autocfg v1.4.0
   Compiling version_check v0.9.5
   Compiling once_cell v1.20.2
   Compiling pin-project-lite v0.2.14
   Compiling byteorder v1.5.0
   Compiling memchr v2.7.4
   Compiling typenum v1.17.0
   Compiling zeroize v1.8.1
   Compiling itoa v1.0.11
   Compiling futures-core v0.3.31
   Compiling libm v0.2.8
   Compiling find-msvc-tools v0.1.9
   Compiling log v0.4.22
   Compiling tracing-core v0.1.36
   Compiling subtle v2.6.1
   Compiling shlex v2.0.1
   Compiling futures-io v0.3.31
   Compiling generic-array v0.14.7
   Compiling bytes v1.12.0
   Compiling parking_lot_core v0.9.10
   Compiling value-bag v1.9.0
   Compiling rustversion v1.0.17
   Compiling scopeguard v1.2.0
   Compiling regex-syntax v0.8.5
   Compiling futures-sink v0.3.31
   Compiling num-traits v0.2.19
   Compiling slab v0.4.9
   Compiling lock_api v0.4.12
   Compiling syn v1.0.109
   Compiling pin-utils v0.1.0
   Compiling futures-channel v0.3.31
   Compiling futures-task v0.3.31
   Compiling wasm-bindgen-shared v0.2.100
   Compiling aho-corasick v1.1.3
   Compiling thiserror v1.0.64
   Compiling anyhow v1.0.97
   Compiling crossbeam-utils v0.8.20
   Compiling ryu v1.0.18
   Compiling bumpalo v3.16.0
   Compiling jobserver v0.1.32
   Compiling cpufeatures v0.2.14
   Compiling syn v2.0.110
   Compiling cc v1.2.66
   Compiling proc-macro-error-attr v1.0.4
   Compiling serde_json v1.0.128
   Compiling proc-macro-error v1.0.4
   Compiling bitflags v2.9.4
   Compiling getrandom v0.2.15
   Compiling signal-hook-registry v1.4.2
   Compiling socket2 v0.5.7
   Compiling mio v1.0.2
   Compiling block-buffer v0.10.4
   Compiling rand_core v0.6.4
   Compiling wasm-bindgen v0.2.100
   Compiling equivalent v1.0.1
   Compiling crypto-common v0.1.6
   Compiling hashbrown v0.15.5
   Compiling getrandom v0.3.4
   Compiling digest v0.10.7
   Compiling either v1.13.0
   Compiling concurrent-queue v2.5.0
   Compiling parking v2.2.1
   Compiling cfg_aliases v0.2.1
   Compiling atomic-waker v1.1.2
   Compiling semver v1.0.23
   Compiling fnv v1.0.7
   Compiling event-listener v5.3.1
   Compiling fastrand v2.1.1
   Compiling regex-automata v0.4.8
   Compiling rand_core v0.9.3
   Compiling lazy_static v1.5.0
   Compiling unicode-segmentation v1.12.0
   Compiling rustix v0.38.37
   Compiling indexmap v2.6.0
   Compiling event-listener-strategy v0.5.2
   Compiling sha2 v0.10.8
   Compiling winnow v0.6.20
   Compiling unicode-width v0.1.14
   Compiling toml_datetime v0.6.8
   Compiling camino v1.1.9
   Compiling linux-raw-sys v0.4.14
   Compiling convert_case v0.6.0
   Compiling futures-lite v2.3.0
   Compiling async-channel v2.3.1
   Compiling borsh v1.5.1
   Compiling atty v0.2.14
   Compiling vergen v8.3.2
   Compiling deranged v0.5.8
   Compiling async-task v4.7.1
   Compiling iana-time-zone v0.1.61
   Compiling powerfmt v0.2.0
   Compiling num_threads v0.1.7
   Compiling time-core v0.1.9
   Compiling num-conv v0.2.2
   Compiling termcolor v1.4.1
   Compiling chrono v0.4.38
   Compiling console v0.15.8
   Compiling async-lock v3.4.0
   Compiling piper v0.2.4
   Compiling rlimit v0.10.2
   Compiling triggered v0.1.2
   Compiling hexplay v0.3.0
   Compiling event-listener v2.5.3
   Compiling downcast v0.11.0
   Compiling async-executor v1.13.1
   Compiling blocking v1.6.1
   Compiling option-ext v0.2.0
   Compiling dirs-sys v0.4.1
   Compiling async-channel v1.9.0
   Compiling bs58 v0.5.1
   Compiling dirs v5.0.1
   Compiling instant v0.1.13
   Compiling ahash v0.8.11
   Compiling toml_edit v0.22.22
   Compiling crossbeam-epoch v0.9.20
   Compiling memoffset v0.9.1
   Compiling time v0.3.53
   Compiling cfg_aliases v0.1.1
   Compiling rayon-core v1.12.1
   Compiling shared_child v1.0.1
   Compiling nix v0.28.0
   Compiling os_pipe v1.2.1
   Compiling arc-swap v1.7.1
   Compiling num_cpus v1.16.0
   Compiling ipnet v2.10.1
   Compiling duct v0.13.7
   Compiling blake3 v1.8.2
   Compiling itertools v0.13.0
   Compiling regex v1.11.0
   Compiling wasm-bindgen-backend v0.2.100
   Compiling crossbeam-deque v0.8.5
   Compiling adler2 v2.0.0
   Compiling paste v1.0.15
   Compiling constant_time_eq v0.3.1
   Compiling arrayvec v0.7.6
   Compiling arrayref v0.3.9
   Compiling sahyadri-utils v1.1.0 (/home/surajdatir/sahyadri-final/sahyadri/utils)
   Compiling miniz_oxide v0.8.0
   Compiling sahyadri-hashes v1.1.0 (/home/surajdatir/sahyadri-final/sahyadri/crypto/hashes)
   Compiling nix v0.29.0
   Compiling crc32fast v1.4.2
   Compiling rayon v1.10.0
   Compiling destructure_traitobject v0.2.0
   Compiling keccak v0.1.5
   Compiling unsafe-any-ors v1.0.0
   Compiling uuid v0.8.2
   Compiling flate2 v1.0.34
   Compiling mac_address v1.1.7
   Compiling wasm-bindgen-macro-support v0.2.100
   Compiling sha3 v0.10.8
   Compiling proc-macro-crate v3.2.0
   Compiling serde_derive v1.0.228
   Compiling zerocopy-derive v0.7.35
   Compiling tracing-attributes v0.1.31
   Compiling futures-macro v0.3.31
   Compiling thiserror-impl v1.0.64
   Compiling tokio-macros v2.4.0
   Compiling parse-variants-derive v1.0.0
   Compiling syn_derive v0.1.8
   Compiling async-attributes v1.1.2
   Compiling async-trait v0.1.89
   Compiling wasm-bindgen-macro v0.2.100
   Compiling parse-variants v1.0.3
   Compiling workflow-macro-tools v0.18.0
   Compiling linkme-impl v0.2.10
   Compiling blake2b_simd v1.0.2
   Compiling futures-util v0.3.31
   Compiling itertools v0.11.0
   Compiling ordered-float v2.10.1
   Compiling unsafe-libyaml v0.2.11
   Compiling workflow-core-macros v0.18.0
   Compiling zerocopy v0.7.35
   Compiling borsh-derive v1.5.1
   Compiling malachite-nz v0.4.16
   Compiling intertrait-macros v0.2.2
   Compiling derivative v2.2.0
   Compiling linkme v0.2.10
   Compiling dilithium-rs v0.2.0
   Compiling typemap-ors v1.0.0
   Compiling tracing v0.1.44
   Compiling thread-id v4.2.2
   Compiling log-mdc v0.1.0
   Compiling ppv-lite86 v0.2.20
   Compiling polling v3.7.3
   Compiling js-sys v0.3.77
   Compiling sysinfo v0.31.4
   Compiling humantime v2.1.0
   Compiling async-io v2.3.4
   Compiling rand_chacha v0.3.1
   Compiling rand_chacha v0.9.0
   Compiling hashbrown v0.14.5
   Compiling rand v0.8.5
   Compiling rand v0.9.2
   Compiling async-global-executor v2.4.1
   Compiling ctrlc v3.4.5
   Compiling intertrait v0.2.2
   Compiling malachite-base v0.4.16
   Compiling http v1.1.0
   Compiling httparse v1.9.5
   Compiling tower-service v0.3.3
   Compiling ring v0.17.14
   Compiling rustls-pki-types v1.9.0
   Compiling untrusted v0.9.0
   Compiling try-lock v0.2.5
   Compiling rustls v0.23.14
   Compiling want v0.3.1
   Compiling httpdate v1.0.3
   Compiling percent-encoding v2.3.1
   Compiling http-body v1.0.1
   Compiling strsim v0.11.1
   Compiling ident_case v1.0.1
   Compiling futures-executor v0.3.31
   Compiling http-body-util v0.1.2
   Compiling smallvec v1.13.2
   Compiling cargo-platform v0.1.8
   Compiling rustc_version v0.4.1
   Compiling futures v0.3.31
   Compiling faster-hex v0.9.0
   Compiling uuid v1.18.1
   Compiling serde_yaml v0.9.34+deprecated
   Compiling kv-log-macro v1.0.7
   Compiling serde-value v0.7.0
   Compiling parking_lot v0.12.3
   Compiling async-std v1.13.0
   Compiling hex v0.4.3
   Compiling workflow-serializer v0.18.0
   Compiling webpki-roots v0.26.6
   Compiling workflow-wasm-macros v0.18.0
   Compiling convert_case v0.4.0
   Compiling sahyadri-dilithium v1.1.0 (/home/surajdatir/sahyadri-final/sahyadri/crypto/dilithium)
   Compiling sync_wrapper v1.0.1
   Compiling tokio v1.40.0
   Compiling sahyadri-txscript-errors v1.1.0 (/home/surajdatir/sahyadri-final/sahyadri/crypto/txscript/errors)
   Compiling cargo_metadata v0.18.1
   Compiling mime v0.3.17
   Compiling derive_more v0.99.18
   Compiling base64 v0.22.1
   Compiling rustls-pemfile v2.2.0
   Compiling tinyvec_macros v0.1.1
   Compiling tinyvec v1.8.0
   Compiling num-integer v0.1.46
   Compiling glob v0.3.1
   Compiling log4rs v1.3.0
   Compiling clang-sys v1.8.1
   Compiling unicode-normalization v0.1.24
   Compiling darling_core v0.21.3
   Compiling form_urlencoded v1.2.1
   Compiling unicode-bidi v0.3.17
   Compiling prost-derive v0.13.3
   Compiling workflow-core v0.18.0
   Compiling workflow-log v0.18.0
   Compiling idna v0.5.0
   Compiling proc-macro-error-attr2 v2.0.0
   Compiling num-bigint v0.4.6
   Compiling proc-macro-error2 v2.0.1
   Compiling url v2.5.2
   Compiling minimal-lexical v0.2.1
   Compiling pkg-config v0.3.31
   Compiling nom v7.1.3
   Compiling web-sys v0.3.77
   Compiling serde-wasm-bindgen v0.6.5
   Compiling wasm-bindgen-futures v0.4.50
   Compiling darling_macro v0.21.3
   Compiling sahyadri-rpc-macros v1.1.0 (/home/surajdatir/sahyadri-final/sahyadri/rpc/macros)
   Compiling libloading v0.8.5
   Compiling darling v0.21.3
   Compiling serde_nested_with v0.2.6
   Compiling sahyadri-core v1.1.0 (/home/surajdatir/sahyadri-final/sahyadri/core)
   Compiling tokio-util v0.7.12
   Compiling heck v0.5.0
   Compiling prettyplease v0.2.22
   Compiling prost v0.13.3
   Compiling cexpr v0.6.0
   Compiling h2 v0.4.6
   Compiling workflow-task-macros v0.18.0
   Compiling tower-layer v0.3.3
   Compiling shlex v1.3.0
   Compiling fixedbitset v0.4.2
   Compiling prost-types v0.13.3
   Compiling petgraph v0.6.5
   Compiling bincode v1.3.3
   Compiling tempfile v3.13.0
   Compiling sha1 v0.10.6
   Compiling data-encoding v2.6.0
   Compiling utf-8 v0.7.6
   Compiling multimap v0.10.0
   Compiling indexmap v1.9.3
   Compiling sync_wrapper v0.1.2
   Compiling downcast-rs v1.2.1
   Compiling manual_future v0.1.1
   Compiling tower v0.5.1
   Compiling workflow-rpc-macros v0.18.0
   Compiling pin-project-internal v1.1.6
   Compiling hashbrown v0.12.3
   Compiling bindgen v0.72.1
   Compiling vcpkg v0.2.15
   Compiling axum-core v0.4.5
   Compiling prost-build v0.13.3
   Compiling bzip2-sys v0.1.11+1.0.8
   Compiling zstd-sys v2.0.13+zstd.1.5.6
   Compiling async-stream-impl v0.3.6
   Compiling lz4-sys v1.11.1+lz4-1.10.0
   Compiling hyper v1.4.1
   Compiling libz-sys v1.1.20
   Compiling tonic-build v0.12.3
   Compiling pin-project v1.1.6
   Compiling matchit v0.7.3
   Compiling rustc-hash v2.1.1
   Compiling tower v0.4.13
   Compiling async-stream v0.3.6
   Compiling tokio-stream v0.1.16
   Compiling rustls-webpki v0.102.8
   Compiling hyper-util v0.1.9
   Compiling axum v0.7.7
   Compiling workflow-panic-hook v0.18.0
   Compiling hyper-timeout v0.5.1
   Compiling darling_core v0.20.10
   Compiling tower-http v0.5.2
   Compiling serde_spanned v0.6.8
   Compiling sahyadri-utils-tower v1.1.0 (/home/surajdatir/sahyadri-final/sahyadri/utils/tower)
   Compiling p3-util v0.3.0 (https://github.com/0xPolygonZero/plonky3?branch=main#80803612)
   Compiling http v0.2.12
   Compiling itertools v0.14.0
   Compiling p3-maybe-rayon v0.3.0 (https://github.com/0xPolygonZero/plonky3?branch=main#80803612)
   Compiling duration-string v0.4.0
   Compiling enum-primitive-derive v0.3.0
   Compiling sahyadri-p2p-lib v1.1.0 (/home/surajdatir/sahyadri-final/sahyadri/protocol/p2p)
   Compiling darling_macro v0.20.10
   Compiling darling v0.20.10
   Compiling textwrap v0.11.0
   Compiling seqlock v0.2.0
   Compiling vec_map v0.8.2
   Compiling librocksdb-sys v0.17.3+10.4.2
   Compiling strsim v0.8.0
   Compiling bitflags v1.3.2
   Compiling ansi_term v0.12.1
   Compiling bindgen v0.59.2
   Compiling tokio-rustls v0.26.0
   Compiling tungstenite v0.23.0
   Compiling home v0.5.9
   Compiling p3-field v0.3.0 (https://github.com/0xPolygonZero/plonky3?branch=main#80803612)
   Compiling tonic v0.12.3
   Compiling which v4.4.2
   Compiling clap v2.34.0
   Compiling h2 v0.3.26
   Compiling env_logger v0.9.3
   Compiling http-body v0.4.6
   Compiling neli-proc-macros v0.1.3
   Compiling inout v0.1.3
   Compiling xml-rs v0.8.22
   Compiling lazycell v1.3.0
   Compiling rustc-hash v1.1.0
   Compiling strength_reduce v0.2.4
   Compiling tokio-tungstenite v0.23.1
   Compiling peeking_take_while v0.1.2
   Compiling transpose v0.2.3
   Compiling cipher v0.4.4
   Compiling hyper-rustls v0.27.3
   Compiling attohttpc v0.24.1
   Compiling sahyadri-grpc-core v1.1.0 (/home/surajdatir/sahyadri-final/sahyadri/rpc/grpc/core)
   Compiling xmltree v0.10.3
   Compiling serde_urlencoded v0.7.1
   Compiling neli v0.6.4
   Compiling encoding_rs v0.8.34
   Compiling p3-matrix v0.3.0 (https://github.com/0xPolygonZero/plonky3?branch=main#80803612)
   Compiling toml v0.8.19
   Compiling macroific_core v1.0.2
   Compiling macroific_attr_parse v1.3.0
   Compiling reqwest v0.12.8
   Compiling hyper v0.14.30
   Compiling workflow-wasm v0.18.0
   Compiling workflow-task v0.18.0
   Compiling local-ip-address v0.6.3
   Compiling hmac v0.12.1
   Compiling portable-atomic v1.9.0
   Compiling pbkdf2 v0.12.2
   Compiling sahyadri-math v1.1.0 (/home/surajdatir/sahyadri-final/sahyadri/math)
   Compiling sahyadri-addresses v1.1.0 (/home/surajdatir/sahyadri-final/sahyadri/crypto/addresses)
   Compiling sahyadri-wasm-core v1.1.0 (/home/surajdatir/sahyadri-final/sahyadri/wasm/core)
   Compiling sahyadri-muhash v1.1.0 (/home/surajdatir/sahyadri-final/sahyadri/crypto/muhash)
   Compiling sahyadri-merkle v1.1.0 (/home/surajdatir/sahyadri-final/sahyadri/crypto/merkle)
   Compiling igd-next v0.14.3
   Compiling sahyadri-consensus-core v1.1.0 (/home/surajdatir/sahyadri-final/sahyadri/consensus/core)
   Compiling macroific_macro v1.1.0
   Compiling p3-symmetric v0.3.0 (https://github.com/0xPolygonZero/plonky3?branch=main#80803612)
error[E0433]: cannot find `model` in `crate`
  --> consensus/core/src/api/mod.rs:72:60
   |
72 | ... Option<crate::model::stores::did_store::DidDocument>;
   |                   ^^^^^ could not find `model` in the crate root

error[E0433]: cannot find `model` in `crate`
  --> consensus/core/src/api/mod.rs:75:66
   |
75 | ... Option<crate::model::stores::did_store::DidDocument>;
   |                   ^^^^^ could not find `model` in the crate root

   Compiling ripemd v0.1.3
   Compiling workflow-dom v0.18.0
   Compiling utf8parse v0.2.2
   Compiling sweep-bptree v0.4.1
   Compiling macroific v1.3.1
   Compiling anstyle-parse v0.2.5
   Compiling workflow-perf-monitor v0.0.2
   Compiling universal-hash v0.5.1
   Compiling anstyle v1.0.8
   Compiling opaque-debug v0.3.1
   Compiling colorchoice v1.0.2
   Compiling is_terminal_polyfill v1.70.1
   Compiling anstyle-query v1.1.1
   Compiling poly1305 v0.8.0
   Compiling anstream v0.6.15
   Compiling p3-dft v0.3.0 (https://github.com/0xPolygonZero/plonky3?branch=main#80803612)
   Compiling chacha20 v0.9.1
   Compiling sahyadri-perf-monitor v1.1.0 (/home/surajdatir/sahyadri-final/sahyadri/metrics/perf_monitor)
   Compiling derive_builder_core v0.20.1
   Compiling num-rational v0.4.2
   Compiling num-iter v0.1.45
   Compiling curve25519-dalek v4.1.3
For more information about this error, try `rustc --explain E0433`.
   Compiling libmimalloc-sys v0.1.44
error: could not compile `sahyadri-consensus-core` (lib) due to 2 previous errors
warning: build failed, waiting for other jobs to finish...
